2026-06-24 11:07:40 [INFO] Pytest finished: passed=2 failed=0 skipped=0 errors=0 exitstatus=0
